[15:08:42] [INIT] KubeJS 2001.6.5-build.16; MC 2001 forge
[15:08:42] [INIT] Loaded plugins:
[15:08:42] [INIT] - dev.latvian.mods.kubejs.forge.BuiltinKubeJSForgePlugin
[15:08:42] [INIT] - dev.latvian.mods.kubejs.forge.BuiltinKubeJSForgeClientPlugin
[15:08:42] [INIT] - dev.wolfieboy09.tfmgjs.TFMGJSPlugin
[15:08:42] [INIT] - dev.ftb.mods.ftbxmodcompat.ftbquests.kubejs.KubeJSIntegration
[15:08:42] [INIT] - dev.ftb.mods.ftbxmodcompat.ftbteams.kubejs.FTBTeamsKubeJSPlugin
[15:08:42] [INIT] - dev.ftb.mods.ftbxmodcompat.ftbfiltersystem.kubejs.FFSKubeJSPlugin
[15:08:42] [INIT] - pie.ilikepiefoo.kubejsoffline.OfflinePlugin
[15:08:42] [INIT] - dev.latvian.mods.kubejs.create.KubeJSCreatePlugin
[15:08:42] [INIT] - com.almostreliable.morejs.Plugin
[15:08:42] [INIT] - pie.ilikepiefoo.AdditionsPlugin
[15:08:42] [INIT] - pie.ilikepiefoo.compat.jei.JEIKubeJSPlugin
[15:08:42] [INIT] - com.oierbravo.createmechanicalextruder.compat.kubejs.KubeJSCreateMechanicalExtruderPlugin
[15:08:42] [INIT] - dev.bluephs.vintage.compat.kubejs.VINTAGEKubeJSPlugin
[15:08:42] [INIT] - net.sixik.sdmshoprework.common.integration.KubeJS.ShopJSPlugin
[15:08:42] [INIT] - com.probejs.ProbeJSPlugin
[15:08:42] [INFO] Loaded script client_scripts:src/item_tooltips.js in 0.001 s
[15:08:42] [INFO] Loaded script client_scripts:src/lang.js in 0.0 s
[15:08:42] [INFO] Loaded script client_scripts:src/item_renaming.js in 0.0 s
[15:08:42] [INFO] Loaded 3/3 KubeJS client scripts in 0.015 s with 0 errors and 0 warnings
[15:08:49] [INFO] Client resource reload complete!
