[15:08:40] [INIT] KubeJS 2001.6.5-build.16; MC 2001 forge
[15:08:40] [INIT] Loaded plugins:
[15:08:40] [INIT] - dev.latvian.mods.kubejs.forge.BuiltinKubeJSForgePlugin
[15:08:40] [INIT] - dev.latvian.mods.kubejs.forge.BuiltinKubeJSForgeClientPlugin
[15:08:40] [INIT] - dev.wolfieboy09.tfmgjs.TFMGJSPlugin
[15:08:40] [INIT] - dev.ftb.mods.ftbxmodcompat.ftbquests.kubejs.KubeJSIntegration
[15:08:40] [INIT] - dev.ftb.mods.ftbxmodcompat.ftbteams.kubejs.FTBTeamsKubeJSPlugin
[15:08:40] [INIT] - dev.ftb.mods.ftbxmodcompat.ftbfiltersystem.kubejs.FFSKubeJSPlugin
[15:08:40] [INIT] - pie.ilikepiefoo.kubejsoffline.OfflinePlugin
[15:08:40] [INIT] - dev.latvian.mods.kubejs.create.KubeJSCreatePlugin
[15:08:40] [INIT] - com.almostreliable.morejs.Plugin
[15:08:40] [INIT] - pie.ilikepiefoo.AdditionsPlugin
[15:08:40] [INIT] - pie.ilikepiefoo.compat.jei.JEIKubeJSPlugin
[15:08:40] [INIT] - com.oierbravo.createmechanicalextruder.compat.kubejs.KubeJSCreateMechanicalExtruderPlugin
[15:08:40] [INIT] - dev.bluephs.vintage.compat.kubejs.VINTAGEKubeJSPlugin
[15:08:40] [INIT] - net.sixik.sdmshoprework.common.integration.KubeJS.ShopJSPlugin
[15:08:40] [INIT] - com.probejs.ProbeJSPlugin
[15:08:42] [INFO] modname.js#3: Hello, World! (Loaded client scripts)
[15:08:42] [INFO] Loaded script startup_scripts:modname.js in 0.055 s
[15:08:42] [INFO] Loaded script startup_scripts:src/HK_villagers.js in 0.001 s
[15:08:42] [INFO] Loaded script startup_scripts:src/rotaria_items.js in 0.008 s
[15:08:42] [INFO] Loaded script startup_scripts:src/items/changed_items.js in 0.0 s
[15:08:42] [INFO] Loaded script startup_scripts:src/items/items.js in 0.002 s
[15:08:42] [INFO] Loaded 5/5 KubeJS startup scripts in 1.464 s with 0 errors and 0 warnings
